................................................................................................................
................................4.....$.A...............................................................M......1
.............................#############.....................................................#################
................................................................................................................
................................................................................................................
................................................................................................................
..........2.....................................................................................................
................................................................................................................
.............................................4..................................................................
....................$...........................................................................................
....................#......#######..................................1...........................................
....................#...........................................................................................
....................#............................P..............................................................
....................#....................##################.....................................................
....................#...........................................................................................
....................#........########...........................................................................
......3.........................................................................................................
....................$.....................................................R.....................................
....................#.....................................................R..............................2......
....................#.....................................................R.....................................
.###########........#.....................................................R.....................................
....................#...........................................................................................
....................#.........P.................................................................................
.........................##############.........................................................................
................................................................................................................
................................................................................................................
.........#########..............................................................................................
...................................................................................##################...........
....................................................P...........................................................
.......................................###########################..............................................
................................................................................................................
................................................................................................................
............3...................................................................................................
.................................................$............................................................$.